../Core/Src/main.c:199:5:main	34
../Core/Src/main.c:437:6:SystemClock_Config	3
../Core/Src/main.c:484:13:MX_I2C1_Init	2
../Core/Src/main.c:518:13:MX_TIM2_Init	9
../Core/Src/main.c:589:13:MX_TIM3_Init	4
../Core/Src/main.c:638:13:MX_USART1_UART_Init	2
../Core/Src/main.c:669:13:MX_DMA_Init	1
../Core/Src/main.c:687:13:MX_GPIO_Init	1
../Core/Src/main.c:717:6:Servo_SetTargetAngle	2
../Core/Src/main.c:736:6:Servo_ISR_Update	7
../Core/Src/main.c:757:6:Run_Home_Routine	18
../Core/Src/main.c:877:6:HAL_TIM_PeriodElapsedCallback	2
../Core/Src/main.c:890:6:HAL_UART_ErrorCallback	2
../Core/Src/main.c:912:6:HAL_GPIO_EXTI_Callback	5
../Core/Src/main.c:940:6:Error_Handler	1
