../Core/Src/main.c:199:5:main	32	static
../Core/Src/main.c:437:6:SystemClock_Config	88	static
../Core/Src/main.c:484:13:MX_I2C1_Init	8	static
../Core/Src/main.c:518:13:MX_TIM2_Init	64	static
../Core/Src/main.c:589:13:MX_TIM3_Init	48	static
../Core/Src/main.c:638:13:MX_USART1_UART_Init	8	static
../Core/Src/main.c:669:13:MX_DMA_Init	16	static
../Core/Src/main.c:687:13:MX_GPIO_Init	40	static
../Core/Src/main.c:717:6:Servo_SetTargetAngle	24	static,ignoring_inline_asm
../Core/Src/main.c:736:6:Servo_ISR_Update	24	static
../Core/Src/main.c:757:6:Run_Home_Routine	8	static
../Core/Src/main.c:877:6:HAL_TIM_PeriodElapsedCallback	16	static
../Core/Src/main.c:890:6:HAL_UART_ErrorCallback	32	static
../Core/Src/main.c:912:6:HAL_GPIO_EXTI_Callback	24	static
../Core/Src/main.c:940:6:Error_Handler	4	static,ignoring_inline_asm
